//
//	Package - transpiled by c4go
//
//	If you have found any issues, please raise an issue at:
//	https://github.com/Konstantin8105/c4go/
//

package code_quality

// switch_function - transpiled function from  C4GO/tests/code_quality/switch.c:1
func switch_function() {
	var i int32 = 34
	switch i {
	case (0):
		fallthrough
	case (1):
		return
		fallthrough
	case (2):
		_ = (i)
		return
		fallthrough
	case 3:
		var c int32
		return
		fallthrough
	case 4:
		break
		fallthrough
	case 5:
		break
		fallthrough
	case 6:
		fallthrough
	case 7:
		var d int32
		break
	}
}
